apiVersion: v1
clusters:
- cluster:
    certificate-authority-data: LS0tLS1CRUdJTiBDRVJUSUZJQ0FURS0tLS0tCk1JSUN5RENDQWJDZ0F3SUJBZ0lCQURBTkJna3Foa2lHOXcwQkFRc0ZBREFWTVJNd0VRWURWUVFERXdwcmRXSmwKY201bGRHVnpNQjRYRFRFNU1URXhPREV6TVRJeE9Gb1hEVEk1TVRFeE5URXpNVEl4T0Zvd0ZURVRNQkVHQTFVRQpBeE1LYTNWaVpYSnVaWFJsY3pDQ0FTSXdEUVlKS29aSWh2Y05BUUVCQlFBRGdnRVBBRENDQVFvQ2dnRUJBSjlDCjZMZ1dPL0cxenFVS3M4MVVIZ013T25vR0hRMVhBU3c2ZHNJRGtxVXk1SCswTTFscEtvSXErUnMvRUZEMzJ1WXkKMnMvREpKQ25MLzU4V0x5WFJsUDV0eWZwTUlFcWJQTUoxT3B0NmhRYTNHa3JaU2VscDVzb2RxR1loTnA2bVR1UwppOFIvcjhDLzBLM0ozaGlucVFJTlBpRzZ3YVpORmZWVlJobTh4d1NJQTFEUlZJelV1aThmZUdSZGMwR2ZVWExBCkNWZHVxK1orbTlNUzhjOENUSmpQZk90WVI5bzRFcWZrVmR1TThZRGNxaDkrMXBSOE5EY0Y4YTdtU3p0OUtKTzkKQjRsemhqVUhGMmxiMkJEQ3pZNm93ZTNWRy9mSUxORklXWHZ4dkpPeVJVVjhQQVNyUld6SnJ2YnZvSmdKR2NmZApJeFVwN2pPUE1uOHNtSmxoSjc4Q0F3RUFBYU1qTUNFd0RnWURWUjBQQVFIL0JBUURBZ0trTUE4R0ExVWRFd0VCCi93UUZNQU1CQWY4d0RRWUpLb1pJaHZjTkFRRUxCUUFEZ2dFQkFBVkRKY29QZUhhNGFRTTgxVGgxRks0UXovcC8KZ2R6S3hPSVR4V09sSzllL3l2VFFxVXZUVUtCdDlEbFFaNFR4OFdBdlFTYXFIb1krZnBqdVg1UlJTUVh1VEhxNApwSkxvM2ZrR1UyYUc0RUFNVXJ0cUlYYVRRRHFzZGpXdkswenUxdTlHWGQ3Tk9GUlJPZ0FUaFJUZ2hjeTJ1aXVSCld0Tkljc2dHTjhVNkRJRGlHejdJeDFhNTVXSGZvTml1SGVUam1QWlMxamZrMWY5UDhOQTRIWC93Qzk5YjdFL3AKS3hicmM0eHQzbURDNWpIRWVUNmliRnNYbys2TEx1ZmpUczVnVFNUM3NRelhrQW5FWEdWL21obnI2OHgvN1dZaQpsdFZBSFFxQUpNWnJvWmczYW9GQlNvQW96a2FkV21Nek43NG04ZE8yNGx5L2pyOUxhdWZrQXovQUZBbz0KLS0tLS1FTkQgQ0VSVElGSUNBVEUtLS0tLQo=
    server: https://172.17.0.3:6443
  name: cl1
contexts:
- context:
    cluster: cl1
    user: cl1
  name: cl1
current-context: cl1
kind: Config
preferences: {}
users:
- name: cl1
  user:
    client-certificate-data: LS0tLS1CRUdJTiBDRVJUSUZJQ0FURS0tLS0tCk1JSUM4akNDQWRxZ0F3SUJBZ0lJSUtVdGxmVEJNTDR3RFFZSktvWklodmNOQVFFTEJRQXdGVEVUTUJFR0ExVUUKQXhNS2EzVmlaWEp1WlhSbGN6QWVGdzB4T1RFeE1UZ3hNekV5TVRoYUZ3MHlNREV4TVRjeE16RXlNakJhTURReApGekFWQmdOVkJBb1REbk41YzNSbGJUcHRZWE4wWlhKek1Sa3dGd1lEVlFRREV4QnJkV0psY201bGRHVnpMV0ZrCmJXbHVNSUlCSWpBTkJna3Foa2lHOXcwQkFRRUZBQU9DQVE4QU1JSUJDZ0tDQVFFQTBiTzduQjdNZW11am8vWkIKVUlFRHRGT1hnR3plTUJPUmo2V0xCeExUcWlGMzZucG94Tk9oRks1UG1veXFrTW9hMEJmT3FoMmY0MHhOQlA1YQpSL2IzeFlhcFJGTXNOcDJ4d3pXM0VKTmtvS0hDdDg5cWYzL1NxSjRTQktFTzVKMk9mSmE0WG95QSttbW42WS9nCnhMUXRiQzJPTjgrYlFUQkcwbEFjOVFVSDNvWEp3Qk13aS80RzN5Yi90WHRGMkpHblZJbUJpdWNzcnlXNzQzbVUKMnlFeHZuQXpTbVFPNkUvSkw1NmVXUWxuUUNITllRUFRNaVRnR0FRT2Y1WFQvNlRuaHR6NW53enRsVy9hWElYQwoyRWNoYjIzWVg5SWtVWlBFKzd2SDB6OUFRakhFOGc1ZDNLeW5ld3VzUXhKb3hkOG1zKzBiT2t6TFZZUlVQcGExClpRSEdsUUlEQVFBQm95Y3dKVEFPQmdOVkhROEJBZjhFQkFNQ0JhQXdFd1lEVlIwbEJBd3dDZ1lJS3dZQkJRVUgKQXdJd0RRWUpLb1pJaHZjTkFRRUxCUUFEZ2dFQkFDLzhYd0tJM1BhMjdrdGUyMFJtRUk3V1VwUlNsRXlCQnhSeQowekxHSGF2VDZPc3ByZHJVQjRBWGdTVnNmQ1hIS3hiWnEwQUYyNWhWZ2piVW8vbmpFTnp3WEc1MEdob2swRkxOCnFTYXd2V1Y1dExTRmFITzBrZmlrNnZuYU1lOGlVREhFOU5mdHpJbHFsMVVSU3pCMWVtYUpVU3VGaktzdXhHNlAKazk1bG5pU1RoY1BVd2JETXJzM2RhQzdWTlRZeDUxUHJORVJTMEtodnliZllLSTNsbmRHbXFoUzZ1Ulg3eDJvdwp2cmVTUks4MWNTRi9DMndSRldxYkUxTXFHbTBjVGlRYUtBQm5xWXMvYVQvNW9oRXV4UVpMcTFGV25LbDd4WmpECmVLSkZzcEFLaDJQMlJVVitTUHF6TXRlTXc0ZWhvU0s3c0FEellUQXNsbTNLZXQ4NmVIST0KLS0tLS1FTkQgQ0VSVElGSUNBVEUtLS0tLQo=
    client-key-data: LS0tLS1CRUdJTiBSU0EgUFJJVkFURSBLRVktLS0tLQpNSUlFb2dJQkFBS0NBUUVBMGJPN25CN01lbXVqby9aQlVJRUR0Rk9YZ0d6ZU1CT1JqNldMQnhMVHFpRjM2bnBvCnhOT2hGSzVQbW95cWtNb2EwQmZPcWgyZjQweE5CUDVhUi9iM3hZYXBSRk1zTnAyeHd6VzNFSk5rb0tIQ3Q4OXEKZjMvU3FKNFNCS0VPNUoyT2ZKYTRYb3lBK21tbjZZL2d4TFF0YkMyT044K2JRVEJHMGxBYzlRVUgzb1hKd0JNdwppLzRHM3liL3RYdEYySkduVkltQml1Y3NyeVc3NDNtVTJ5RXh2bkF6U21RTzZFL0pMNTZlV1FsblFDSE5ZUVBUCk1pVGdHQVFPZjVYVC82VG5odHo1bnd6dGxXL2FYSVhDMkVjaGIyM1lYOUlrVVpQRSs3dkgwejlBUWpIRThnNWQKM0t5bmV3dXNReEpveGQ4bXMrMGJPa3pMVllSVVBwYTFaUUhHbFFJREFRQUJBb0lCQUhpaGI5Y0xVSTFMeGtMWApzaExoWklRallnK2FrT1lQRzdrS2ZjTi83UXI5WGNJZzBJd0pRYXhuNlpyNk9GUTZMdHB1RjVCOG9qRmEveU5VClBoTVAydEJoK3BVM1UwUEh5eTZFZzk2aEswM01QL3NFOGpxT0NWeStNWmRBSHhVY0hZOUdGS0V2S2pMaS9KaTcKRDQyWUtGa0dpNzFIVEFSZ0JSMk93Rm1pbnpnOXFtbFdOdmZ3eUxGQnN2NXhOemtZd3dpYkNpOFpPWThEK3ZpQgpkUEhaTmtMMmsvVUEvT3RvbWZweHhHcjViRmhhMEhoVEhDdnROZnN5RldNbGVQY005YWZnMk16T1BoaUhHam5ZCnJnYTh6K0ROZlJVajJEUExDaFVobThITEZGR0g1R3B5ZTRzVjNleUgzUzhhN0V4bUZJcXVBSi9UYWhIaFRIMm8Kc3RRclpRRUNnWUVBMHdxdStoc2RzTUZkTmM5UytMblBCUFUwK3JkODFXSU5ZVEp1UlNNQzBIK1BXenBEZ21BOAo0ZUN0YjNYSXF2VjV6anpyOVF3dEdwc2xnSzNHZmphcXR5RDA4YUhFdFFNakxORlZBUDlTcWtGVjJYM0pHNklICmdYb0I2cDhKb3JvRlJTejJ3azNwbmZCd3U0NFVJUmRKNzJCaXU2M2lqaGJFZjE1TTdLakJ4VkVDZ1lFQS9sLzkKa08zdVVnYzZTb2xSSkN2dkVmR2NEVW9XM2tzdThIeFIrZ0JUeDN0QTExVWNtUEVaSkM4NEIyT3dSRGx3L1FjNQpIRVllT0RkcWlyM3ZhWlVjd3VCQTJIL1VCNzR2VXcreGMyR0lTaHVQWXRrQzR1RUR3MDFIV0FpZlpYQk1FemNtCjhNZmZvYjFwcnl3dHRXU2gzZnhxVTdoL2sxYlluVHFKNzk2ZkxBVUNnWUFCTTMxZGRRd05ObnlHVXVEQkE2VzIKL0lKSnJ3T3AzejMrUUtBNkNvSDRsOUZFRHFmVnRTQ0RsSmpJR3A2Q3dwVG41SmJmTlN1SWpEdUJhUHZKT2h4cwpvR1prZmF3MTc0ZWl1S3BJTUN2VFJqM3IxL2h1RE5VSUdwNnFMQytNMm93dkladGg3Ym1YcVllcXVadEp1TzAxCnpKR2pTZEVSUi9Ya1Y3QU9aTU45a1FLQmdCUVJHbjIrWjFpTlBXbjMzekROVG5USjdKZVh5cW9Lb0U5VVgxc3IKZjNCekpyQldCSVdFTDRtTk9BeE5MdkNTMzNqMmd1amFGelEwR3ZHSy9rSUVBMXJVT2dsYVBDM0lNUStLWTJOSQp4R21rTnZHRFVSajR5MFV5NlhmbVpqeW9XVGdDMTgyUzF1OTVjOGJmNDFNMTl4YjkvSjFTSnE1RzRadTFySUFCCnZlakpBb0dBYVhPRmpSWEdMSk05SVpPQlVWblV4S0NsTDFoZHp5ZEIzUkVnTTg1QXNSZ3BxSkxZakNwSkp0QUMKQmVoRnJhRUNtZEVTa2x5OWltc3BreFc4bFZKa050YUEva0xZRmFKdTFNQkF1VzBxQTh4RHQ1ZzBiLzNEYUpLeApnU2NWdTlTMUphQTQzTUFLYW5FRml3UlhQMjVycVR2dmlEdmZ3VlBnVVpQY3ZaQkt3Unc9Ci0tLS0tRU5EIFJTQSBQUklWQVRFIEtFWS0tLS0tCg==
